// Jest Snapshot v1, https://goo.gl/fbAQLP

exports[`MenuItem renders correctly 1`] = `
.c0 {
  display: -webkit-inline-box;
  display: -webkit-inline-flex;
  display: -ms-inline-flexbox;
  display: inline-flex;
  -webkit-align-items: center;
  -webkit-box-align: center;
  -ms-flex-align: center;
  align-items: center;
  width: 100%;
  height: 50px;
  color: rgba(255,255,255,0.6);
  -webkit-transition: color 0.3s ease;
  transition: color 0.3s ease;
  overflow: hidden;
  white-space: nowrap;
  font-size: 0.875rem;
}

.c0:hover {
  color: #fff;
}

.c1 {
  margin: 0 1rem;
  width: 20px;
  min-width: 20px;
}

<div
  className="c0"
  onClick={[Function]}
>
  <i
    className="c1"
  />
</div>
`;
