// Jest Snapshot v1, https://goo.gl/fbAQLP

exports[`MenuWithLogo renders correctly 1`] = `
.c1 {
  -webkit-align-self: center;
  -ms-flex-item-align: center;
  align-self: center;
  height: 34px;
  margin: 0.5rem 0;
}

.c2 {
  width: 100%;
  text-align: left;
  margin: 3.125rem 0 0;
}

.c0 {
  display: -webkit-box;
  display: -webkit-flex;
  display: -ms-flexbox;
  display: flex;
  -webkit-flex-direction: column;
  -ms-flex-direction: column;
  flex-direction: column;
  -webkit-align-items: center;
  -webkit-box-align: center;
  -ms-flex-align: center;
  align-items: center;
}

<span
  className="c0"
>
  <img
    className="c1"
  />
  <nav
    className="c2"
  />
</span>
`;
