// Jest Snapshot v1, https://goo.gl/fbAQLP

exports[`Table renders correctly 1`] = `
.c5 {
  -webkit-text-decoration: none;
  text-decoration: none;
  font-weight: 300;
  cursor: pointer;
  vertical-align: middle;
  color: #3e4348;
  -webkit-transition: all ease 300ms;
  transition: all ease 300ms;
  line-height: 20px;
  position: relative;
  display: -webkit-inline-box;
  display: -webkit-inline-flex;
  display: -ms-inline-flexbox;
  display: inline-flex;
}

.c5:not(:disabled):hover {
  color: #7d7e7f;
}

.c4 > input {
  display: none;
}

.c4 > input + label {
  position: relative;
  padding-left: 1.5rem;
  cursor: pointer;
}

.c4 > input + label::before {
  content: '';
  position: absolute;
  left: 0;
  width: 1rem;
  height: 1rem;
  border: 1px solid #d7dde5;
  background: #fff;
  border-radius: 2px;
  -webkit-transition: all ease 300ms;
  transition: all ease 300ms;
}

.c4 > input + label::after {
  content: '';
  position: absolute;
  top: 5px;
  left: 4px;
  -webkit-transition: all ease 300ms;
  transition: all ease 300ms;
}

.c4 > input:checked + label::before {
  border: 1px solid #07AAE6;
}

.c4 > input:checked + label::after {
  border: 2px solid #07AAE6;
  border-top: none;
  border-right: none;
  width: 0.5rem;
  height: 0.25rem;
  opacity: 1;
  -webkit-transform: scale(1) rotate(-45deg);
  -ms-transform: scale(1) rotate(-45deg);
  transform: scale(1) rotate(-45deg);
}

.c4 > input:not(:checked) + label::after {
  border: 2px solid #fff;
  border-top: none;
  border-right: none;
  width: 0.5rem;
  height: 0.25rem;
  opacity: 1;
  -webkit-transform: scale(0);
  -ms-transform: scale(0);
  transform: scale(0);
}

.c4 > input:checked + label:hover::before {
  border-color: transparent;
  background: #97CCF6;
}

.c4 > input:checked + label:hover::after {
  border-color: #07AAE6;
}

.c4 > input:not(:checked) + label:hover::before {
  border: 1px solid #07AAE6;
  background-color: #97CCF6;
}

.c4 > input:not(:checked) + label:hover::after {
  -webkit-transform: scale(1) rotate(-45deg);
  -ms-transform: scale(1) rotate(-45deg);
  transform: scale(1) rotate(-45deg);
}

.c4 > input:checked:focus + label::before,
.c4 input:not(:checked):focus + label::before {
  border: 1px dotted #97CCF6;
}

.c4 > input:disabled:checked + label {
  color: #c8ccd4;
}

.c4 > input:disabled:checked + label::before {
  border: 1px solid #d7dde5;
  background: transparent;
}

.c4 > input:disabled:checked + label::after {
  border-color: #d7dde5;
  background: transparent;
}

.c4 > input:disabled:not(:checked) + label {
  color: #c8ccd4;
}

.c4 > input:disabled:not(:checked) + label::before {
  border: 1px solid #d7dde5;
  background: transparent;
}

.c0 {
  font-family: Roboto,sans-serif;
  background: #fff;
  width: 100%;
  text-align: left;
  color: #7d7e7f;
  box-sizing: border-box;
  border: 1px solid #d7dde5;
  border-radius: 3px;
  position: relative;
  font-weight: 300;
  -webkit-font-smoothing: antialiased;
  -moz-osx-font-smoothing: grayscale;
  border-collapse: collapse;
  table-layout: auto;
}

.c1 {
  border-bottom: 1px solid #d7dde5;
  width: 100%;
}

.c7 {
  border-bottom: 1px solid #F6F8FB;
  width: 100%;
}

.c7:last-child {
  border-bottom: none;
}

.c8 {
  font-size: 1rem;
  padding: 0.4375rem 1%;
  vertical-align: middle;
  line-height: 30px;
  text-align: left;
  font-weight: 300;
  word-wrap: break-word;
  text-overflow: ellipsis;
  white-space: nowrap;
}

.c8 a {
  color: #7d7e7f;
}

.c8 a:hover {
  color: #3e4348;
}

.c9 {
  font-size: 1rem;
  padding: 0.4375rem 1%;
  vertical-align: middle;
  line-height: 30px;
  text-align: right;
  font-weight: 300;
  word-wrap: break-word;
  text-overflow: ellipsis;
  white-space: nowrap;
}

.c9 a {
  color: #7d7e7f;
}

.c9 a:hover {
  color: #3e4348;
}

.c2 {
  padding: 1rem 1%;
  font-weight: 300;
  font-size: 0.875rem;
  text-align: left;
}

.c6 {
  padding: 1rem 1%;
  font-weight: 300;
  font-size: 0.875rem;
  text-align: right;
}

.c10 {
  display: inline-block;
  font-size: 1rem;
  padding: 0.125rem;
  cursor: pointer;
  -webkit-transition: all 0.3s ease;
  transition: all 0.3s ease;
}

.c10:hover {
  color: #07AAE6;
}

.c3 label {
  top: -10px;
}

<table
  className="c0"
  style={Object {}}
>
  <thead>
    <tr
      className="c1"
    >
      <th
        className="c2"
      >
        <div
          className="c3 c4"
          style={Object {}}
        >
          <input
            checked={false}
            disabled={false}
            id="toggleAll"
            onChange={[Function]}
            type="checkbox"
          />
          <label
            className="c5"
            htmlFor="toggleAll"
          />
        </div>
      </th>
      <th
        className="c2"
      >
        Name
      </th>
      <th
        className="c6"
      >
        Actions
      </th>
    </tr>
  </thead>
  <tbody>
    <tr
      className="c7"
    >
      <td
        className="c8"
        style={Object {}}
      >
        <div
          className="c3 c4"
          style={Object {}}
        >
          <input
            disabled={false}
            onChange={[Function]}
            type="checkbox"
          />
          <label
            className="c5"
          />
        </div>
      </td>
      <td
        className="c8"
        style={Object {}}
      >
        Eli
      </td>
      <td
        className="c9"
        style={Object {}}
      >
        <span
          aria-hidden={true}
          className="fa fa-edit c10"
          onClick={[Function]}
        />
        <span
          aria-hidden={true}
          className="fa fa-cog c10"
          onClick={[Function]}
        />
        <span
          aria-hidden={true}
          className="fa fa-trash c10"
          onClick={[Function]}
        />
      </td>
    </tr>
  </tbody>
  <tfoot />
</table>
`;
