// Jest Snapshot v1, https://goo.gl/fbAQLP

exports[`Modal renders correctly 1`] = `
.c4 {
  font-family: Roboto;
  font-weight: 100;
  color: #286090;
  font-size: 1.75rem;
}

.c2 {
  padding: 1.25rem;
  box-sizing: border-box;
  position: relative;
  border-bottom: 1px solid #d7dde5;
}

.c3 {
  margin: 0;
}

.c5 {
  position: absolute;
  height: 1.125rem;
  width: 1.125rem;
  top: 0.625rem;
  right: 0.625rem;
  cursor: pointer;
}

.c5::before {
  content: 'âœ•';
  color: #286090;
}

.c6 {
  padding: 0.625rem 1.25rem;
  box-sizing: border-box;
}

.c0 {
  display: none;
  height: 100%;
  width: 100%;
  position: fixed;
  z-index: 100;
  top: 0;
  left: 0;
  background: rgba(0,0,0,0.72);
}

.c1 {
  background: #fff;
  width: 72%;
  max-width: 980px;
  border-radius: 3px;
  margin: auto;
}

<div
  className="c0"
>
  <div
    className="c1"
    onClick={[Function]}
    style={Object {}}
  >
    <div
      className="c2"
    >
      <h4
        className="c3 c4"
        color=""
        style={Object {}}
      />
      <span
        className="c5"
      />
    </div>
    <div
      className="c6"
    />
  </div>
</div>
`;
