// Jest Snapshot v1, https://goo.gl/fbAQLP

exports[`TabsWrapper renders correctly 1`] = `
.c0 {
  border: 1px solid #d7dde5;
  border-radius: 3px;
  margin: 0 auto;
  display: -webkit-box;
  display: -webkit-flex;
  display: -ms-flexbox;
  display: flex;
  overflow: hidden;
  text-align: center;
}

.c0 span {
  padding: 0 1rem;
}

<div
  className="c0"
/>
`;
