// Jest Snapshot v1, https://goo.gl/fbAQLP

exports[`PillLabel renders correctly 1`] = `
.c0 {
  display: inline-block;
  background: #fff;
  color: #3e4348;
  font-weight: 300;
  border: 1px solid #d7dde5;
  border-radius: 1rem;
  font-size: 1rem;
  outline: none;
  vertical-align: middle;
  -webkit-letter-spacing: 0.015em;
  -moz-letter-spacing: 0.015em;
  -ms-letter-spacing: 0.015em;
  letter-spacing: 0.015em;
  line-height: 1;
  font-size: 1rem;
  padding: 0.5625rem 0.75rem;
}

<span
  className="c0"
  size="md"
/>
`;
