// Jest Snapshot v1, https://goo.gl/fbAQLP

exports[`StepWizardComponent renders correctly 1`] = `
.c0 {
  margin-bottom: 2rem;
  text-align: center;
}

.c1 {
  cursor: pointer;
  font-size: 3.125rem;
  line-height: 1;
  margin: 0 1.5rem;
  opacity: 0.4;
  text-shadow: none;
  -webkit-transition: opacity 1s ease,text-shadow 1s ease;
  transition: opacity 1s ease,text-shadow 1s ease;
  will-change: opacity,text-shadow;
}

.c2 {
  cursor: pointer;
  font-size: 3.125rem;
  line-height: 1;
  margin: 0 1.5rem;
  opacity: 0.4;
  text-shadow: none;
  -webkit-transition: opacity 1s ease,text-shadow 1s ease;
  transition: opacity 1s ease,text-shadow 1s ease;
  will-change: opacity,text-shadow;
  pointer-events: none;
}

<div
  className={null}
  style={Object {}}
>
  <div
    className="c0"
  >
    <span
      className="c1"
      onClick={[Function]}
    >
      •
    </span>
    <span
      className="c2"
      onClick={[Function]}
    >
      •
    </span>
    <span
      className="c2"
      onClick={[Function]}
    >
      •
    </span>
  </div>
  <div />
</div>
`;
