// Jest Snapshot v1, https://goo.gl/fbAQLP

exports[`Label renders correctly 1`] = `
.c0 {
  -webkit-text-decoration: none;
  text-decoration: none;
  font-weight: 300;
  cursor: pointer;
  vertical-align: middle;
  color: #3e4348;
  -webkit-transition: all ease 300ms;
  transition: all ease 300ms;
  line-height: 20px;
  position: relative;
  display: -webkit-inline-box;
  display: -webkit-inline-flex;
  display: -ms-inline-flexbox;
  display: inline-flex;
}

.c0:not(:disabled):hover {
  color: #7d7e7f;
}

<label
  className="c0"
/>
`;
