// Jest Snapshot v1, https://goo.gl/fbAQLP

exports[`TextArea renders correctly 1`] = `
.c0 {
  vertical-align: middle;
  box-sizing: border-box;
  overflow: hidden;
  outline: none;
  color: #3e4348;
  -webkit-transition: all ease 300ms;
  transition: all ease 300ms;
  background: #fff;
  font-weight: 300;
  border: 1px solid #d7dde5;
  border-radius: 3px;
  font-size: 1rem;
  line-height: 1.4em;
  min-height: 7em;
  width: 100%;
  margin: 0.5rem 0;
  padding: 0.75rem 1.125rem;
}

.c0:focus {
  border-bottom: 1px solid #07AAE6;
}

<textarea
  className="c0"
/>
`;
