// Jest Snapshot v1, https://goo.gl/fbAQLP

exports[`Checkbox renders correctly 1`] = `
.c1 {
  -webkit-text-decoration: none;
  text-decoration: none;
  font-weight: 300;
  cursor: pointer;
  vertical-align: middle;
  color: #3e4348;
  -webkit-transition: all ease 300ms;
  transition: all ease 300ms;
  line-height: 20px;
  position: relative;
  display: -webkit-inline-box;
  display: -webkit-inline-flex;
  display: -ms-inline-flexbox;
  display: inline-flex;
}

.c1:not(:disabled):hover {
  color: #7d7e7f;
}

.c0 > input {
  display: none;
}

.c0 > input + label {
  position: relative;
  padding-left: 1.5rem;
  cursor: pointer;
}

.c0 > input + label::before {
  content: '';
  position: absolute;
  left: 0;
  width: 1rem;
  height: 1rem;
  border: 1px solid #d7dde5;
  background: #fff;
  border-radius: 2px;
  -webkit-transition: all ease 300ms;
  transition: all ease 300ms;
}

.c0 > input + label::after {
  content: '';
  position: absolute;
  top: 5px;
  left: 4px;
  -webkit-transition: all ease 300ms;
  transition: all ease 300ms;
}

.c0 > input:checked + label::before {
  border: 1px solid #07AAE6;
}

.c0 > input:checked + label::after {
  border: 2px solid #07AAE6;
  border-top: none;
  border-right: none;
  width: 0.5rem;
  height: 0.25rem;
  opacity: 1;
  -webkit-transform: scale(1) rotate(-45deg);
  -ms-transform: scale(1) rotate(-45deg);
  transform: scale(1) rotate(-45deg);
}

.c0 > input:not(:checked) + label::after {
  border: 2px solid #fff;
  border-top: none;
  border-right: none;
  width: 0.5rem;
  height: 0.25rem;
  opacity: 1;
  -webkit-transform: scale(0);
  -ms-transform: scale(0);
  transform: scale(0);
}

.c0 > input:checked + label:hover::before {
  border-color: transparent;
  background: #97CCF6;
}

.c0 > input:checked + label:hover::after {
  border-color: #07AAE6;
}

.c0 > input:not(:checked) + label:hover::before {
  border: 1px solid #07AAE6;
  background-color: #97CCF6;
}

.c0 > input:not(:checked) + label:hover::after {
  -webkit-transform: scale(1) rotate(-45deg);
  -ms-transform: scale(1) rotate(-45deg);
  transform: scale(1) rotate(-45deg);
}

.c0 > input:checked:focus + label::before,
.c0 input:not(:checked):focus + label::before {
  border: 1px dotted #97CCF6;
}

.c0 > input:disabled:checked + label {
  color: #c8ccd4;
}

.c0 > input:disabled:checked + label::before {
  border: 1px solid #d7dde5;
  background: transparent;
}

.c0 > input:disabled:checked + label::after {
  border-color: #d7dde5;
  background: transparent;
}

.c0 > input:disabled:not(:checked) + label {
  color: #c8ccd4;
}

.c0 > input:disabled:not(:checked) + label::before {
  border: 1px solid #d7dde5;
  background: transparent;
}

<div
  className="c0"
  style={Object {}}
>
  <input
    disabled={false}
    onChange={[Function]}
    type="checkbox"
  />
  <label
    className="c1"
  />
</div>
`;
