// Jest Snapshot v1, https://goo.gl/fbAQLP

exports[`Pagination renders correctly 1`] = `
.c1 {
  border: 1px solid #d7dde5;
  border-radius: 3px;
  background: #fff;
  font-size: 0.875rem;
  line-height: 30px;
  overflow: hidden;
  box-sizing: border-box;
  vertical-align: top;
  cursor: pointer;
  display: -webkit-inline-box;
  display: -webkit-inline-flex;
  display: -ms-inline-flexbox;
  display: inline-flex;
  margin: 1rem auto;
}

.c1 ul {
  padding-inline-start: 0;
  margin: 0;
  font-weight: 300;
}

.c1 li {
  -webkit-text-decoration: none;
  text-decoration: none;
  display: -webkit-inline-box;
  display: -webkit-inline-flex;
  display: -ms-inline-flexbox;
  display: inline-flex;
}

.c1 li a {
  color: #7d7e7f;
  padding: 0.0625rem 1rem 0.0625rem;
}

.c1 li a:focus {
  outline: none;
}

.c1 li.selected {
  background: #07AAE6;
  pointer-events: none;
}

.c1 li.selected a {
  color: #fff;
}

.c1 li.disabled {
  color: #c8ccd4;
}

.c1 li.disabled a {
  color: #c8ccd4 !important;
}

.c1 li.previous {
  border-right: 1px solid #d7dde5;
}

.c1 li.previous a {
  color: #7d7e7f;
  padding: 0.0625rem 1rem 0.0625rem;
}

.c1 li.previous a::before {
  content: '⟵';
  padding-right: 0.5rem;
  position: relative;
  top: -1px;
  left: 0;
  -webkit-transition: ease all 200ms;
  transition: ease all 200ms;
}

.c1 li.next {
  border-left: 1px solid #d7dde5;
}

.c1 li.next a {
  color: #7d7e7f;
  padding: 0.0625rem 1rem 0.0625rem;
}

.c1 li.next a::after {
  content: '⟶';
  padding-left: 0.5rem;
  position: relative;
  top: -1px;
  right: 0;
  -webkit-transition: ease all 200ms;
  transition: ease all 200ms;
}

.c1 li.previous:hover:not(.disabled) {
  background: #F6F8FB;
}

.c1 li.previous:hover:not(.disabled) a {
  color: #3e4348;
}

.c1 li.previous:hover:not(.disabled) a::before {
  left: -3px;
}

.c1 li.next:hover:not(.disabled) {
  background: #F6F8FB;
}

.c1 li.next:hover:not(.disabled) a {
  color: #3e4348;
}

.c1 li.next:hover:not(.disabled) a::after {
  right: -3px;
}

.c1 li:hover:not(.disabled) {
  color: #3e4348;
  background: #F6F8FB;
}

.c0 {
  display: block;
  margin: 0 auto;
  text-align: center;
}

<div
  className="c0"
  style={Object {}}
>
  <div
    className="c1"
  >
    <ul
      className=""
    >
      <li
        className="previous disabled"
      >
        <a
          aria-disabled="true"
          className="previous"
          onClick={[Function]}
          onKeyPress={[Function]}
          role="button"
          tabIndex="0"
        >
          Previous
        </a>
      </li>
      <li
        className=" selected"
      >
        <a
          aria-current="page"
          aria-label="Page 1 is your current page"
          className=" selected"
          onClick={[Function]}
          onKeyPress={[Function]}
          role="button"
          tabIndex="0"
        >
          1
        </a>
      </li>
      <li
        className=""
      >
        <a
          aria-current={null}
          aria-label="Page 2"
          className=""
          href=""
          onClick={[Function]}
          onKeyPress={[Function]}
          role="button"
          tabIndex="0"
        >
          2
        </a>
      </li>
      <li
        className=""
      >
        <a
          aria-current={null}
          aria-label="Page 3"
          className=""
          href=""
          onClick={[Function]}
          onKeyPress={[Function]}
          role="button"
          tabIndex="0"
        >
          3
        </a>
      </li>
      <li
        className="break"
      >
        <a
          onClick={[Function]}
          onKeyPress={[Function]}
          role="button"
          tabIndex="0"
        >
          ...
        </a>
      </li>
      <li
        className=""
      >
        <a
          aria-current={null}
          aria-label="Page 8"
          className=""
          href=""
          onClick={[Function]}
          onKeyPress={[Function]}
          role="button"
          tabIndex="0"
        >
          8
        </a>
      </li>
      <li
        className=""
      >
        <a
          aria-current={null}
          aria-label="Page 9"
          className=""
          href=""
          onClick={[Function]}
          onKeyPress={[Function]}
          role="button"
          tabIndex="0"
        >
          9
        </a>
      </li>
      <li
        className=""
      >
        <a
          aria-current={null}
          aria-label="Page 10"
          className=""
          href=""
          onClick={[Function]}
          onKeyPress={[Function]}
          role="button"
          tabIndex="0"
        >
          10
        </a>
      </li>
      <li
        className="next"
      >
        <a
          aria-disabled="false"
          className="next"
          href=""
          onClick={[Function]}
          onKeyPress={[Function]}
          role="button"
          tabIndex="0"
        >
          Next
        </a>
      </li>
    </ul>
  </div>
</div>
`;
