// Jest Snapshot v1, https://goo.gl/fbAQLP

exports[`Note renders correctly 1`] = `
.c0 {
  box-sizing: border-box;
  border: 1px solid #d7dde5;
  padding: 1.125rem 2%;
  border-radius: 3px;
  background: #fff;
  color: #3e4348;
  font-weight: 300;
  -webkit-letter-spacing: 0.01em;
  -moz-letter-spacing: 0.01em;
  -ms-letter-spacing: 0.01em;
  letter-spacing: 0.01em;
  line-height: 1.8;
}

.c0 strong {
  padding-right: 0.3125rem;
}

.c0 i {
  margin-right: 0.75rem;
  position: relative;
  top: 2px;
}

<p
  className="c0"
  style={Object {}}
>
   
  <strong />
</p>
`;
