// Jest Snapshot v1, https://goo.gl/fbAQLP

exports[`Button renders correctly 1`] = `
.c0 {
  display: -webkit-box;
  display: -webkit-flex;
  display: -ms-flexbox;
  display: flex;
  -webkit-align-items: center;
  -webkit-box-align: center;
  -ms-flex-align: center;
  align-items: center;
  -webkit-box-pack: center;
  -webkit-justify-content: center;
  -ms-flex-pack: center;
  justify-content: center;
  background: #fff;
  color: #3e4348;
  font-weight: 300;
  border: 1px solid #d7dde5;
  border-radius: 3px;
  font-size: 1rem;
  outline: none;
  -webkit-transition: all ease 300ms;
  transition: all ease 300ms;
  cursor: pointer;
  vertical-align: middle;
  -webkit-letter-spacing: 0.015em;
  -moz-letter-spacing: 0.015em;
  -ms-letter-spacing: 0.015em;
  letter-spacing: 0.015em;
  line-height: 1;
  font-size: 1rem;
  padding: 0.5625rem 0.75rem;
}

.c0:hover {
  border-color: #07AAE6;
  color: #07AAE6;
}

<button
  className="c0"
  size="md"
  style={Object {}}
/>
`;
