// Jest Snapshot v1, https://goo.gl/fbAQLP

exports[`Typography renders correctly 1`] = `
.c0 {
  font-family: Roboto;
  font-weight: 100;
  color: #286090;
  font-size: 2.5rem;
}

<h1
  className="c0"
  color=""
  style={Object {}}
/>
`;
