// Jest Snapshot v1, https://goo.gl/fbAQLP

exports[`TabNavigation renders correctly 1`] = `
.c1 {
  height: 100%;
  display: -webkit-box;
  display: -webkit-flex;
  display: -ms-flexbox;
  display: flex;
  -webkit-align-items: center;
  -webkit-box-align: center;
  -ms-flex-align: center;
  align-items: center;
  border-bottom: 2px solid transparent;
  color: #7d7e7f;
  cursor: pointer;
  font-weight: 300;
  line-height: 2rem;
  margin-right: 1rem;
  padding: 0 0.25rem;
  -webkit-text-decoration: none;
  text-decoration: none;
  -webkit-transition: color 0.3s ease;
  transition: color 0.3s ease;
  border-color: #07AAE6;
  color: #3e4348;
}

.c1:hover {
  color: #3e4348;
}

.c0 {
  -webkit-align-items: center;
  -webkit-box-align: center;
  -ms-flex-align: center;
  align-items: center;
  display: -webkit-box;
  display: -webkit-flex;
  display: -ms-flexbox;
  display: flex;
  -webkit-box-pack: center;
  -webkit-justify-content: center;
  -ms-flex-pack: center;
  justify-content: center;
  height: 100%;
}

<div
  className="c0"
  style={Object {}}
>
  <a
    className="c1"
    onClick={[Function]}
  >
    Hello
  </a>
</div>
`;
