// Jest Snapshot v1, https://goo.gl/fbAQLP

exports[`Accordion renders correctly 1`] = `
.c0 {
  width: 100%;
  margin-left: 0%;
  position: relative;
  background: #fff;
  border-left: 1px solid #d7dde5;
  box-sizing: border-box;
  border-top: 1px solid #d7dde5;
  overflow-y: hidden;
  display: -webkit-box;
  display: -webkit-flex;
  display: -ms-flexbox;
  display: flex;
  -webkit-flex-direction: column;
  -ms-flex-direction: column;
  flex-direction: column;
  -webkit-box-pack: justify;
  -webkit-justify-content: space-between;
  -ms-flex-pack: justify;
  justify-content: space-between;
  -webkit-transition: width 0.3s ease;
  transition: width 0.3s ease;
}

.c3 {
  font-family: Roboto;
  font-weight: 100;
  color: #286090;
  font-size: 1.25rem;
}

.c5 {
  width: 100%;
  height: 3.5rem;
  box-sizing: border-box;
  overflow: hidden;
  z-index: 10;
  background: #fff;
  -webkit-transition: ease 500ms height;
  transition: ease 500ms height;
  display: none;
}

.c1 {
  margin: 0;
  padding: 1rem 3%;
  width: 100%;
  box-sizing: border-box;
  background: #fff;
  cursor: pointer;
  border-bottom: 1px solid #F6F8FB;
  display: -webkit-box;
  display: -webkit-flex;
  display: -ms-flexbox;
  display: flex;
  -webkit-box-pack: justify;
  -webkit-justify-content: space-between;
  -ms-flex-pack: justify;
  justify-content: space-between;
  -webkit-align-items: center;
  -webkit-box-align: center;
  -ms-flex-align: center;
  align-items: center;
}

.c2 {
  font-weight: 100;
  color: #3e4348;
  margin: 0;
  display: inline;
}

.c4 {
  display: inline-block;
  font-size: 1rem;
  color: #07AAE6;
}

.c6 {
  padding: 2rem 6%;
}

.c7 {
  position: absolute;
  bottom: -80px;
  width: 100%;
  box-sizing: border-box;
  display: -webkit-box;
  display: -webkit-flex;
  display: -ms-flexbox;
  display: flex;
  -webkit-box-pack: justify;
  -webkit-justify-content: space-between;
  -ms-flex-pack: justify;
  justify-content: space-between;
  padding: 0.8rem 3%;
  background: #f0f3f6;
  -webkit-align-items: center;
  -webkit-box-align: center;
  -ms-flex-align: center;
  align-items: center;
  -webkit-transition-timing-function: ease,ease;
  transition-timing-function: ease,ease;
  -webkit-transition-duration: 400ms,1000ms;
  transition-duration: 400ms,1000ms;
  -webkit-transition-property: all,background;
  transition-property: all,background;
  -webkit-transition-delay: 0s,300ms;
  transition-delay: 0s,300ms;
  z-index: 10;
  border-top: 1px solid #d7dde5;
  border-bottom: 1px solid #d7dde5;
}

<div
  className="c0"
  open={false}
  width="100%"
>
  <div>
    <div>
      <header
        className="c1"
        onClick={[Function]}
      >
        <h6
          className="c2 c3"
          color=""
          style={Object {}}
        >
          Accordion
        </h6>
        <span
          aria-hidden={true}
          className="fa fa- c4"
        />
      </header>
      <div
        className="c5"
      >
        <div
          className="c6"
        />
      </div>
      <footer
        className="c7"
      />
    </div>
  </div>
</div>
`;
