// Jest Snapshot v1, https://goo.gl/fbAQLP

exports[`Switch renders correctly 1`] = `
.c0 {
  display: -webkit-inline-box;
  display: -webkit-inline-flex;
  display: -ms-inline-flexbox;
  display: inline-flex;
  -webkit-align-items: center;
  -webkit-box-align: center;
  -ms-flex-align: center;
  align-items: center;
  -webkit-box-pack: center;
  -webkit-justify-content: center;
  -ms-flex-pack: center;
  justify-content: center;
}

.c0 .react-toggle-thumb {
  -webkit-transition: all 0.5s cubic-bezier(0.23,1,0.32,1) 0ms;
  transition: all 0.5s cubic-bezier(0.23,1,0.32,1) 0ms;
  position: absolute;
  top: -1px;
  left: 0;
  width: 22px;
  height: 22px;
  border-radius: 50%;
  border: 1px solid #d7dde5;
  background: #fff;
  box-sizing: border-box;
}

.c0 .react-toggle-track {
  width: 34px;
  height: 18px;
  padding: 0;
  border-radius: 30px;
  background-color: #F6F8FB;
  -webkit-transition: all 0.2s ease;
  transition: all 0.2s ease;
  border: 1px solid #d7dde5;
}

.c0 .react-toggle {
  touch-action: pan-x;
  display: inline-block;
  position: relative;
  cursor: pointer;
  background-color: transparent;
  border: 0;
  padding: 0;
  -webkit-user-select: none;
  -moz-user-select: none;
  -ms-user-select: none;
  user-select: none;
}

.c0 .react-toggle-screenreader-only {
  border: 0;
  -webkit-clip: rect(0 0 0 0);
  clip: rect(0 0 0 0);
  height: 1px;
  margin: -0.0625rem;
  overflow: hidden;
  padding: 0;
  position: absolute;
  width: 1px;
}

.c0 .react-toggle--checked .react-toggle-track {
  border: 1px solid #07AAE6;
  background: #07AAE6;
}

.c0:hover .react-toggle-track {
  background: rgba(7,170,230,0.06);
  border: 1px solid #07AAE6;
}

.c0 .react-toggle.react-toggle--disabled {
  pointer-events: none;
}

.c0 .react-toggle.react-toggle--disabled .react-toggle-track {
  background: rgba(0,0,0,0.06) !important;
  border: 1px solid #d7dde5 !important;
}

.c0 .react-toggle--checked .react-toggle-thumb {
  left: 14px;
}

.c0:hover .react-toggle--disabled .react-toggle-track .react-toggle-thumb {
  border: none;
}

.c0:hover .react-toggle:not(.react-toggle--disabled) .react-toggle-thumb {
  border: 1px solid #07AAE6;
}

.c0 .react-toggle-track-check {
  position: absolute;
  width: 14px;
  height: 10px;
  top: 0;
  bottom: 0;
  margin-top: auto;
  margin-bottom: auto;
  line-height: 0;
  left: 8px;
  opacity: 0;
  -webkit-transition: opacity 0.25s ease;
  transition: opacity 0.25s ease;
}

.c0 .react-toggle--checked .react-toggle-track-check {
  opacity: 1;
  -webkit-transition: opacity 0.25s ease;
  transition: opacity 0.25s ease;
}

.c0 .react-toggle-track-x {
  position: absolute;
  width: 10px;
  height: 10px;
  top: 0;
  bottom: 0;
  margin-top: auto;
  margin-bottom: auto;
  line-height: 0;
  right: 10px;
  opacity: 1;
  -webkit-transition: opacity 0.25s ease;
  transition: opacity 0.25s ease;
}

.c0 .react-toggle--checked .react-toggle-track-x {
  opacity: 0;
}

.c1 {
  -webkit-text-decoration: none;
  text-decoration: none;
  font-weight: 300;
  cursor: pointer;
  vertical-align: middle;
  color: #3e4348;
  -webkit-transition: all ease 300ms;
  transition: all ease 300ms;
  line-height: 20px;
  position: relative;
  display: -webkit-inline-box;
  display: -webkit-inline-flex;
  display: -ms-inline-flexbox;
  display: inline-flex;
  margin-left: 0.5rem;
}

.c1:not(:disabled):hover {
  color: #7d7e7f;
}

<span
  className="c0"
  style={Object {}}
>
  <div
    className="react-toggle"
    onClick={[Function]}
    onTouchEnd={[Function]}
    onTouchMove={[Function]}
    onTouchStart={[Function]}
  >
    <div
      className="react-toggle-track"
    >
      <div
        className="react-toggle-track-check"
      />
      <div
        className="react-toggle-track-x"
      />
    </div>
    <div
      className="react-toggle-thumb"
    />
    <input
      className="react-toggle-screenreader-only"
      disabled={false}
      onBlur={[Function]}
      onChange={[Function]}
      onFocus={[Function]}
      type="checkbox"
    />
  </div>
  <label
    className="c1"
    disabled={false}
  />
</span>
`;
